// Jest Snapshot v1, https://goo.gl/fbAQLP

exports[`register should not register nested input 1`] = `
Object {
  "test": Object {
    "_f": Object {
      "mount": true,
      "name": "test",
      "ref": Object {
        "name": "test",
      },
      "value": Array [
        false,
        false,
        false,
      ],
    },
  },
}
`;

exports[`register should remove input value and reference with shouldUnregister: true 1`] = `
Array [
  Object {
    "test": "bill",
  },
  Object {
    "test": "bill",
  },
  Object {},
]
`;
