// Jest Snapshot v1, https://goo.gl/fbAQLP

exports[`watch should remove input value after input is unmounted with shouldUnregister: true 1`] = `
Array [
  Object {},
  Object {
    "test": "1",
  },
  Object {
    "test": "1",
  },
  Object {},
]
`;

exports[`watch should watch correctly with useFieldArray with action and then fallback to onChange 1`] = `
Array [
  Object {
    "names": Array [],
  },
  Object {
    "names": Array [],
  },
  Object {
    "names": Array [
      Object {
        "name": "test",
      },
    ],
  },
  Object {
    "names": Array [
      Object {
        "name": "test",
      },
    ],
  },
  Object {
    "names": Array [
      Object {
        "name": "123",
      },
      Object {
        "name": "456",
      },
    ],
  },
  Object {
    "names": Array [
      Object {
        "name": "123",
      },
      Object {
        "name": "456",
      },
    ],
  },
  Object {
    "names": Array [
      Object {
        "name": "123",
      },
      Object {
        "name": "456",
      },
    ],
  },
  Object {
    "names": Array [
      Object {
        "name": "123",
      },
      Object {
        "name": "456",
      },
    ],
  },
]
`;
