// Jest Snapshot v1, https://goo.gl/fbAQLP

exports[`parseErrorSchema should parse the validaiton errors into react hook form errors format 1`] = `
Object {
  "age": "age is a required field",
  "name": "name is a required field",
}
`;

exports[`validateWithSchema should return undefined when no error reported 1`] = `
Object {
  "age": "age is a required field",
  "name": "name is a required field",
}
`;
