// Jest Snapshot v1, https://goo.gl/fbAQLP

exports[`Controller should render correct when isThin set to true 1`] = `
<div
  aria-valuemax={30}
  aria-valuemin={2}
  aria-valuenow={20}
  aria-valuetext="Years of loan"
  onBlur={[Function]}
  onClick={[Function]}
  onFocus={[Function]}
  onMouseDown={[Function]}
  onMouseUp={[Function]}
  role="slider"
  style={
    Object {
      "cursor": "-webkit-grab",
      "fontWeight": 600,
      "position": "absolute",
      "top": "0px",
      "transform": "translateX(2px)",
      "transition": "0s all",
    }
  }
  tabIndex={0}
>
  <input
    defaultValue="20"
    style={
      Object {
        "display": "block",
        "height": 0,
        "position": "absolute",
        "visibility": "hidden",
        "width": 0,
      }
    }
    type="range"
  />
  <svg
    height="64px"
    style={
      Object {
        "left": 0,
        "position": "absolute",
        "top": "-25px",
        "transform": "translateY(0)",
        "transition": "all 0.3s cubic-bezier(0.86, 0, 0.07, 1) 0s",
      }
    }
    viewBox="0 0 40 64"
    width="20px"
    x="0px"
    y="0px"
  >
    <path
      d="M38.8,43.9c0,10.4-8.5,18.9-18.9,18.9S1,54.4,1,43.9S9.5,24,19.9,24S38.8,33.5,38.8,43.9z"
      style={
        Object {
          "fill": undefined,
          "transition": "0.3s all",
        }
      }
    />
  </svg>
  <div
    style={
      Object {
        "background": undefined,
        "borderRadius": "50%",
        "height": "20px",
        "position": "absolute",
        "transform": "translateY(0)",
        "transition": "all 0.1s cubic-bezier(0.86, 0, 0.07, 1) 0s",
        "width": "20px",
      }
    }
  >
    <span
      style={
        Object {
          "color": undefined,
          "left": 0,
          "position": "absolute",
          "top": "10px",
          "userSelect": "none",
          "width": "20px",
        }
      }
    >
      <section
        style={
          Object {
            "alignItems": "center",
            "display": "flex",
            "justifyContent": "center",
          }
        }
      >
        <span
          style={
            Object {
              "display": "inline-block",
              "height": 14,
              "overflow": "hidden",
              "perspective": 370,
              "textAlign": "left",
              "width": "10px",
            }
          }
        >
          <span
            style={
              Object {
                "height": "100%",
                "position": "absolute",
                "transformStyle": "preserve-3d",
                "transition": "all 0.4s cubic-bezier(0.19, 1, 0.22, 1) 0s",
              }
            }
          >
            <span
              style={
                Object {
                  "WebkitFontSmoothing": "antialiased",
                  "alignItems": "center",
                  "background": "white",
                  "color": "black",
                  "display": "flex",
                  "fontSize": "13px",
                  "height": 14,
                  "justifyContent": "center",
                  "lineHeight": "14px",
                  "outline": "1px solid transparent",
                  "position": "absolute",
                  "textAlign": "center",
                  "transform": "rotateX(0deg) translateZ(21px)",
                  "width": "10px",
                }
              }
            >
              0
            </span>
            <span
              style={
                Object {
                  "WebkitFontSmoothing": "antialiased",
                  "alignItems": "center",
                  "background": "white",
                  "color": "black",
                  "display": "flex",
                  "fontSize": "13px",
                  "height": 14,
                  "justifyContent": "center",
                  "lineHeight": "14px",
                  "outline": "1px solid transparent",
                  "position": "absolute",
                  "textAlign": "center",
                  "transform": "rotateX(36deg) translateZ(21px)",
                  "width": "10px",
                }
              }
            >
              1
            </span>
            <span
              style={
                Object {
                  "WebkitFontSmoothing": "antialiased",
                  "alignItems": "center",
                  "background": "white",
                  "color": "black",
                  "display": "flex",
                  "fontSize": "13px",
                  "height": 14,
                  "justifyContent": "center",
                  "lineHeight": "14px",
                  "outline": "1px solid transparent",
                  "position": "absolute",
                  "textAlign": "center",
                  "transform": "rotateX(72deg) translateZ(21px)",
                  "width": "10px",
                }
              }
            >
              2
            </span>
            <span
              style={
                Object {
                  "WebkitFontSmoothing": "antialiased",
                  "alignItems": "center",
                  "background": "white",
                  "color": "black",
                  "display": "flex",
                  "fontSize": "13px",
                  "height": 14,
                  "justifyContent": "center",
                  "lineHeight": "14px",
                  "outline": "1px solid transparent",
                  "position": "absolute",
                  "textAlign": "center",
                  "transform": "rotateX(108deg) translateZ(21px)",
                  "width": "10px",
                }
              }
            >
              3
            </span>
            <span
              style={
                Object {
                  "WebkitFontSmoothing": "antialiased",
                  "alignItems": "center",
                  "background": "white",
                  "color": "black",
                  "display": "flex",
                  "fontSize": "13px",
                  "height": 14,
                  "justifyContent": "center",
                  "lineHeight": "14px",
                  "outline": "1px solid transparent",
                  "position": "absolute",
                  "textAlign": "center",
                  "transform": "rotateX(144deg) translateZ(21px)",
                  "width": "10px",
                }
              }
            >
              4
            </span>
            <span
              style={
                Object {
                  "WebkitFontSmoothing": "antialiased",
                  "alignItems": "center",
                  "background": "white",
                  "color": "black",
                  "display": "flex",
                  "fontSize": "13px",
                  "height": 14,
                  "justifyContent": "center",
                  "lineHeight": "14px",
                  "outline": "1px solid transparent",
                  "position": "absolute",
                  "textAlign": "center",
                  "transform": "rotateX(180deg) translateZ(21px)",
                  "width": "10px",
                }
              }
            >
              5
            </span>
            <span
              style={
                Object {
                  "WebkitFontSmoothing": "antialiased",
                  "alignItems": "center",
                  "background": "white",
                  "color": "black",
                  "display": "flex",
                  "fontSize": "13px",
                  "height": 14,
                  "justifyContent": "center",
                  "lineHeight": "14px",
                  "outline": "1px solid transparent",
                  "position": "absolute",
                  "textAlign": "center",
                  "transform": "rotateX(216deg) translateZ(21px)",
                  "width": "10px",
                }
              }
            >
              6
            </span>
            <span
              style={
                Object {
                  "WebkitFontSmoothing": "antialiased",
                  "alignItems": "center",
                  "background": "white",
                  "color": "black",
                  "display": "flex",
                  "fontSize": "13px",
                  "height": 14,
                  "justifyContent": "center",
                  "lineHeight": "14px",
                  "outline": "1px solid transparent",
                  "position": "absolute",
                  "textAlign": "center",
                  "transform": "rotateX(252deg) translateZ(21px)",
                  "width": "10px",
                }
              }
            >
              7
            </span>
            <span
              style={
                Object {
                  "WebkitFontSmoothing": "antialiased",
                  "alignItems": "center",
                  "background": "white",
                  "color": "black",
                  "display": "flex",
                  "fontSize": "13px",
                  "height": 14,
                  "justifyContent": "center",
                  "lineHeight": "14px",
                  "outline": "1px solid transparent",
                  "position": "absolute",
                  "textAlign": "center",
                  "transform": "rotateX(288deg) translateZ(21px)",
                  "width": "10px",
                }
              }
            >
              8
            </span>
            <span
              style={
                Object {
                  "WebkitFontSmoothing": "antialiased",
                  "alignItems": "center",
                  "background": "white",
                  "color": "black",
                  "display": "flex",
                  "fontSize": "13px",
                  "height": 14,
                  "justifyContent": "center",
                  "lineHeight": "14px",
                  "outline": "1px solid transparent",
                  "position": "absolute",
                  "textAlign": "center",
                  "transform": "rotateX(324deg) translateZ(21px)",
                  "width": "10px",
                }
              }
            >
              9
            </span>
          </span>
          <span
            data={1}
            style={
              Object {
                "WebkitFontSmoothing": "antialiased",
                "alignItems": "center",
                "background": "white",
                "color": "black",
                "display": "flex",
                "fontSize": "13px",
                "height": 14,
                "justifyContent": "center",
                "left": "0px",
                "lineHeight": "14px",
                "outline": "1px solid transparent",
                "position": "absolute",
                "textAlign": "center",
                "transform": "rotateX(0deg) translateZ(21px)",
                "visibility": "hidden",
                "width": "10px",
              }
            }
          >
            2
          </span>
        </span>
        <span
          style={
            Object {
              "display": "inline-block",
              "height": 14,
              "overflow": "hidden",
              "perspective": 370,
              "textAlign": "left",
              "width": "10px",
            }
          }
        >
          <span
            style={
              Object {
                "height": "100%",
                "position": "absolute",
                "transformStyle": "preserve-3d",
                "transition": "all 0.4s cubic-bezier(0.19, 1, 0.22, 1) 0s",
              }
            }
          >
            <span
              style={
                Object {
                  "WebkitFontSmoothing": "antialiased",
                  "alignItems": "center",
                  "background": "white",
                  "color": "black",
                  "display": "flex",
                  "fontSize": "13px",
                  "height": 14,
                  "justifyContent": "center",
                  "lineHeight": "14px",
                  "outline": "1px solid transparent",
                  "position": "absolute",
                  "textAlign": "center",
                  "transform": "rotateX(0deg) translateZ(21px)",
                  "width": "10px",
                }
              }
            >
              0
            </span>
            <span
              style={
                Object {
                  "WebkitFontSmoothing": "antialiased",
                  "alignItems": "center",
                  "background": "white",
                  "color": "black",
                  "display": "flex",
                  "fontSize": "13px",
                  "height": 14,
                  "justifyContent": "center",
                  "lineHeight": "14px",
                  "outline": "1px solid transparent",
                  "position": "absolute",
                  "textAlign": "center",
                  "transform": "rotateX(36deg) translateZ(21px)",
                  "width": "10px",
                }
              }
            >
              1
            </span>
            <span
              style={
                Object {
                  "WebkitFontSmoothing": "antialiased",
                  "alignItems": "center",
                  "background": "white",
                  "color": "black",
                  "display": "flex",
                  "fontSize": "13px",
                  "height": 14,
                  "justifyContent": "center",
                  "lineHeight": "14px",
                  "outline": "1px solid transparent",
                  "position": "absolute",
                  "textAlign": "center",
                  "transform": "rotateX(72deg) translateZ(21px)",
                  "width": "10px",
                }
              }
            >
              2
            </span>
            <span
              style={
                Object {
                  "WebkitFontSmoothing": "antialiased",
                  "alignItems": "center",
                  "background": "white",
                  "color": "black",
                  "display": "flex",
                  "fontSize": "13px",
                  "height": 14,
                  "justifyContent": "center",
                  "lineHeight": "14px",
                  "outline": "1px solid transparent",
                  "position": "absolute",
                  "textAlign": "center",
                  "transform": "rotateX(108deg) translateZ(21px)",
                  "width": "10px",
                }
              }
            >
              3
            </span>
            <span
              style={
                Object {
                  "WebkitFontSmoothing": "antialiased",
                  "alignItems": "center",
                  "background": "white",
                  "color": "black",
                  "display": "flex",
                  "fontSize": "13px",
                  "height": 14,
                  "justifyContent": "center",
                  "lineHeight": "14px",
                  "outline": "1px solid transparent",
                  "position": "absolute",
                  "textAlign": "center",
                  "transform": "rotateX(144deg) translateZ(21px)",
                  "width": "10px",
                }
              }
            >
              4
            </span>
            <span
              style={
                Object {
                  "WebkitFontSmoothing": "antialiased",
                  "alignItems": "center",
                  "background": "white",
                  "color": "black",
                  "display": "flex",
                  "fontSize": "13px",
                  "height": 14,
                  "justifyContent": "center",
                  "lineHeight": "14px",
                  "outline": "1px solid transparent",
                  "position": "absolute",
                  "textAlign": "center",
                  "transform": "rotateX(180deg) translateZ(21px)",
                  "width": "10px",
                }
              }
            >
              5
            </span>
            <span
              style={
                Object {
                  "WebkitFontSmoothing": "antialiased",
                  "alignItems": "center",
                  "background": "white",
                  "color": "black",
                  "display": "flex",
                  "fontSize": "13px",
                  "height": 14,
                  "justifyContent": "center",
                  "lineHeight": "14px",
                  "outline": "1px solid transparent",
                  "position": "absolute",
                  "textAlign": "center",
                  "transform": "rotateX(216deg) translateZ(21px)",
                  "width": "10px",
                }
              }
            >
              6
            </span>
            <span
              style={
                Object {
                  "WebkitFontSmoothing": "antialiased",
                  "alignItems": "center",
                  "background": "white",
                  "color": "black",
                  "display": "flex",
                  "fontSize": "13px",
                  "height": 14,
                  "justifyContent": "center",
                  "lineHeight": "14px",
                  "outline": "1px solid transparent",
                  "position": "absolute",
                  "textAlign": "center",
                  "transform": "rotateX(252deg) translateZ(21px)",
                  "width": "10px",
                }
              }
            >
              7
            </span>
            <span
              style={
                Object {
                  "WebkitFontSmoothing": "antialiased",
                  "alignItems": "center",
                  "background": "white",
                  "color": "black",
                  "display": "flex",
                  "fontSize": "13px",
                  "height": 14,
                  "justifyContent": "center",
                  "lineHeight": "14px",
                  "outline": "1px solid transparent",
                  "position": "absolute",
                  "textAlign": "center",
                  "transform": "rotateX(288deg) translateZ(21px)",
                  "width": "10px",
                }
              }
            >
              8
            </span>
            <span
              style={
                Object {
                  "WebkitFontSmoothing": "antialiased",
                  "alignItems": "center",
                  "background": "white",
                  "color": "black",
                  "display": "flex",
                  "fontSize": "13px",
                  "height": 14,
                  "justifyContent": "center",
                  "lineHeight": "14px",
                  "outline": "1px solid transparent",
                  "position": "absolute",
                  "textAlign": "center",
                  "transform": "rotateX(324deg) translateZ(21px)",
                  "width": "10px",
                }
              }
            >
              9
            </span>
          </span>
          <span
            data={0}
            style={
              Object {
                "WebkitFontSmoothing": "antialiased",
                "alignItems": "center",
                "background": "white",
                "color": "black",
                "display": "flex",
                "fontSize": "13px",
                "height": 14,
                "justifyContent": "center",
                "left": "0px",
                "lineHeight": "14px",
                "outline": "1px solid transparent",
                "position": "absolute",
                "textAlign": "center",
                "transform": "rotateX(0deg) translateZ(21px)",
                "visibility": "hidden",
                "width": "10px",
              }
            }
          >
            0
          </span>
        </span>
      </section>
    </span>
  </div>
</div>
`;

exports[`Controller should render correctly 1`] = `
<div
  aria-valuemax={30}
  aria-valuemin={2}
  aria-valuenow={20}
  aria-valuetext="Years of loan"
  onBlur={[Function]}
  onClick={[Function]}
  onFocus={[Function]}
  onMouseDown={[Function]}
  onMouseUp={[Function]}
  role="slider"
  style={
    Object {
      "cursor": "-webkit-grab",
      "fontWeight": 600,
      "position": "absolute",
      "top": "0px",
      "transform": "translateX(2px)",
      "transition": "0s all",
    }
  }
  tabIndex={0}
>
  <input
    defaultValue="20"
    style={
      Object {
        "display": "block",
        "height": 0,
        "position": "absolute",
        "visibility": "hidden",
        "width": 0,
      }
    }
    type="range"
  />
  <svg
    height="64px"
    style={
      Object {
        "left": 0,
        "position": "absolute",
        "top": "-25px",
        "transform": "translateY(0)",
        "transition": "all 0.3s cubic-bezier(0.86, 0, 0.07, 1) 0s",
      }
    }
    viewBox="0 0 40 64"
    width="20px"
    x="0px"
    y="0px"
  >
    <path
      d="M38.8,43.9c0,10.4-8.5,18.9-18.9,18.9S1,54.4,1,43.9S9.5,24,19.9,24S38.8,33.5,38.8,43.9z"
      style={
        Object {
          "fill": undefined,
          "transition": "0.3s all",
        }
      }
    />
  </svg>
  <div
    style={
      Object {
        "background": undefined,
        "borderRadius": "50%",
        "height": "20px",
        "position": "absolute",
        "transform": "translateY(0)",
        "transition": "all 0.1s cubic-bezier(0.86, 0, 0.07, 1) 0s",
        "width": "20px",
      }
    }
  >
    <span
      style={
        Object {
          "color": undefined,
          "left": 0,
          "position": "absolute",
          "top": "10px",
          "userSelect": "none",
          "width": "20px",
        }
      }
    >
      <section
        style={
          Object {
            "alignItems": "center",
            "display": "flex",
            "justifyContent": "center",
          }
        }
      >
        <span
          style={
            Object {
              "display": "inline-block",
              "height": 14,
              "overflow": "hidden",
              "perspective": 370,
              "textAlign": "left",
              "width": "10px",
            }
          }
        >
          <span
            style={
              Object {
                "height": "100%",
                "position": "absolute",
                "transformStyle": "preserve-3d",
                "transition": "all 0.4s cubic-bezier(0.19, 1, 0.22, 1) 0s",
              }
            }
          >
            <span
              style={
                Object {
                  "WebkitFontSmoothing": "antialiased",
                  "alignItems": "center",
                  "background": "white",
                  "color": "black",
                  "display": "flex",
                  "fontSize": "13px",
                  "height": 14,
                  "justifyContent": "center",
                  "lineHeight": "14px",
                  "outline": "1px solid transparent",
                  "position": "absolute",
                  "textAlign": "center",
                  "transform": "rotateX(0deg) translateZ(21px)",
                  "width": "10px",
                }
              }
            >
              0
            </span>
            <span
              style={
                Object {
                  "WebkitFontSmoothing": "antialiased",
                  "alignItems": "center",
                  "background": "white",
                  "color": "black",
                  "display": "flex",
                  "fontSize": "13px",
                  "height": 14,
                  "justifyContent": "center",
                  "lineHeight": "14px",
                  "outline": "1px solid transparent",
                  "position": "absolute",
                  "textAlign": "center",
                  "transform": "rotateX(36deg) translateZ(21px)",
                  "width": "10px",
                }
              }
            >
              1
            </span>
            <span
              style={
                Object {
                  "WebkitFontSmoothing": "antialiased",
                  "alignItems": "center",
                  "background": "white",
                  "color": "black",
                  "display": "flex",
                  "fontSize": "13px",
                  "height": 14,
                  "justifyContent": "center",
                  "lineHeight": "14px",
                  "outline": "1px solid transparent",
                  "position": "absolute",
                  "textAlign": "center",
                  "transform": "rotateX(72deg) translateZ(21px)",
                  "width": "10px",
                }
              }
            >
              2
            </span>
            <span
              style={
                Object {
                  "WebkitFontSmoothing": "antialiased",
                  "alignItems": "center",
                  "background": "white",
                  "color": "black",
                  "display": "flex",
                  "fontSize": "13px",
                  "height": 14,
                  "justifyContent": "center",
                  "lineHeight": "14px",
                  "outline": "1px solid transparent",
                  "position": "absolute",
                  "textAlign": "center",
                  "transform": "rotateX(108deg) translateZ(21px)",
                  "width": "10px",
                }
              }
            >
              3
            </span>
            <span
              style={
                Object {
                  "WebkitFontSmoothing": "antialiased",
                  "alignItems": "center",
                  "background": "white",
                  "color": "black",
                  "display": "flex",
                  "fontSize": "13px",
                  "height": 14,
                  "justifyContent": "center",
                  "lineHeight": "14px",
                  "outline": "1px solid transparent",
                  "position": "absolute",
                  "textAlign": "center",
                  "transform": "rotateX(144deg) translateZ(21px)",
                  "width": "10px",
                }
              }
            >
              4
            </span>
            <span
              style={
                Object {
                  "WebkitFontSmoothing": "antialiased",
                  "alignItems": "center",
                  "background": "white",
                  "color": "black",
                  "display": "flex",
                  "fontSize": "13px",
                  "height": 14,
                  "justifyContent": "center",
                  "lineHeight": "14px",
                  "outline": "1px solid transparent",
                  "position": "absolute",
                  "textAlign": "center",
                  "transform": "rotateX(180deg) translateZ(21px)",
                  "width": "10px",
                }
              }
            >
              5
            </span>
            <span
              style={
                Object {
                  "WebkitFontSmoothing": "antialiased",
                  "alignItems": "center",
                  "background": "white",
                  "color": "black",
                  "display": "flex",
                  "fontSize": "13px",
                  "height": 14,
                  "justifyContent": "center",
                  "lineHeight": "14px",
                  "outline": "1px solid transparent",
                  "position": "absolute",
                  "textAlign": "center",
                  "transform": "rotateX(216deg) translateZ(21px)",
                  "width": "10px",
                }
              }
            >
              6
            </span>
            <span
              style={
                Object {
                  "WebkitFontSmoothing": "antialiased",
                  "alignItems": "center",
                  "background": "white",
                  "color": "black",
                  "display": "flex",
                  "fontSize": "13px",
                  "height": 14,
                  "justifyContent": "center",
                  "lineHeight": "14px",
                  "outline": "1px solid transparent",
                  "position": "absolute",
                  "textAlign": "center",
                  "transform": "rotateX(252deg) translateZ(21px)",
                  "width": "10px",
                }
              }
            >
              7
            </span>
            <span
              style={
                Object {
                  "WebkitFontSmoothing": "antialiased",
                  "alignItems": "center",
                  "background": "white",
                  "color": "black",
                  "display": "flex",
                  "fontSize": "13px",
                  "height": 14,
                  "justifyContent": "center",
                  "lineHeight": "14px",
                  "outline": "1px solid transparent",
                  "position": "absolute",
                  "textAlign": "center",
                  "transform": "rotateX(288deg) translateZ(21px)",
                  "width": "10px",
                }
              }
            >
              8
            </span>
            <span
              style={
                Object {
                  "WebkitFontSmoothing": "antialiased",
                  "alignItems": "center",
                  "background": "white",
                  "color": "black",
                  "display": "flex",
                  "fontSize": "13px",
                  "height": 14,
                  "justifyContent": "center",
                  "lineHeight": "14px",
                  "outline": "1px solid transparent",
                  "position": "absolute",
                  "textAlign": "center",
                  "transform": "rotateX(324deg) translateZ(21px)",
                  "width": "10px",
                }
              }
            >
              9
            </span>
          </span>
          <span
            data={1}
            style={
              Object {
                "WebkitFontSmoothing": "antialiased",
                "alignItems": "center",
                "background": "white",
                "color": "black",
                "display": "flex",
                "fontSize": "13px",
                "height": 14,
                "justifyContent": "center",
                "left": "0px",
                "lineHeight": "14px",
                "outline": "1px solid transparent",
                "position": "absolute",
                "textAlign": "center",
                "transform": "rotateX(0deg) translateZ(21px)",
                "visibility": "hidden",
                "width": "10px",
              }
            }
          >
            2
          </span>
        </span>
        <span
          style={
            Object {
              "display": "inline-block",
              "height": 14,
              "overflow": "hidden",
              "perspective": 370,
              "textAlign": "left",
              "width": "10px",
            }
          }
        >
          <span
            style={
              Object {
                "height": "100%",
                "position": "absolute",
                "transformStyle": "preserve-3d",
                "transition": "all 0.4s cubic-bezier(0.19, 1, 0.22, 1) 0s",
              }
            }
          >
            <span
              style={
                Object {
                  "WebkitFontSmoothing": "antialiased",
                  "alignItems": "center",
                  "background": "white",
                  "color": "black",
                  "display": "flex",
                  "fontSize": "13px",
                  "height": 14,
                  "justifyContent": "center",
                  "lineHeight": "14px",
                  "outline": "1px solid transparent",
                  "position": "absolute",
                  "textAlign": "center",
                  "transform": "rotateX(0deg) translateZ(21px)",
                  "width": "10px",
                }
              }
            >
              0
            </span>
            <span
              style={
                Object {
                  "WebkitFontSmoothing": "antialiased",
                  "alignItems": "center",
                  "background": "white",
                  "color": "black",
                  "display": "flex",
                  "fontSize": "13px",
                  "height": 14,
                  "justifyContent": "center",
                  "lineHeight": "14px",
                  "outline": "1px solid transparent",
                  "position": "absolute",
                  "textAlign": "center",
                  "transform": "rotateX(36deg) translateZ(21px)",
                  "width": "10px",
                }
              }
            >
              1
            </span>
            <span
              style={
                Object {
                  "WebkitFontSmoothing": "antialiased",
                  "alignItems": "center",
                  "background": "white",
                  "color": "black",
                  "display": "flex",
                  "fontSize": "13px",
                  "height": 14,
                  "justifyContent": "center",
                  "lineHeight": "14px",
                  "outline": "1px solid transparent",
                  "position": "absolute",
                  "textAlign": "center",
                  "transform": "rotateX(72deg) translateZ(21px)",
                  "width": "10px",
                }
              }
            >
              2
            </span>
            <span
              style={
                Object {
                  "WebkitFontSmoothing": "antialiased",
                  "alignItems": "center",
                  "background": "white",
                  "color": "black",
                  "display": "flex",
                  "fontSize": "13px",
                  "height": 14,
                  "justifyContent": "center",
                  "lineHeight": "14px",
                  "outline": "1px solid transparent",
                  "position": "absolute",
                  "textAlign": "center",
                  "transform": "rotateX(108deg) translateZ(21px)",
                  "width": "10px",
                }
              }
            >
              3
            </span>
            <span
              style={
                Object {
                  "WebkitFontSmoothing": "antialiased",
                  "alignItems": "center",
                  "background": "white",
                  "color": "black",
                  "display": "flex",
                  "fontSize": "13px",
                  "height": 14,
                  "justifyContent": "center",
                  "lineHeight": "14px",
                  "outline": "1px solid transparent",
                  "position": "absolute",
                  "textAlign": "center",
                  "transform": "rotateX(144deg) translateZ(21px)",
                  "width": "10px",
                }
              }
            >
              4
            </span>
            <span
              style={
                Object {
                  "WebkitFontSmoothing": "antialiased",
                  "alignItems": "center",
                  "background": "white",
                  "color": "black",
                  "display": "flex",
                  "fontSize": "13px",
                  "height": 14,
                  "justifyContent": "center",
                  "lineHeight": "14px",
                  "outline": "1px solid transparent",
                  "position": "absolute",
                  "textAlign": "center",
                  "transform": "rotateX(180deg) translateZ(21px)",
                  "width": "10px",
                }
              }
            >
              5
            </span>
            <span
              style={
                Object {
                  "WebkitFontSmoothing": "antialiased",
                  "alignItems": "center",
                  "background": "white",
                  "color": "black",
                  "display": "flex",
                  "fontSize": "13px",
                  "height": 14,
                  "justifyContent": "center",
                  "lineHeight": "14px",
                  "outline": "1px solid transparent",
                  "position": "absolute",
                  "textAlign": "center",
                  "transform": "rotateX(216deg) translateZ(21px)",
                  "width": "10px",
                }
              }
            >
              6
            </span>
            <span
              style={
                Object {
                  "WebkitFontSmoothing": "antialiased",
                  "alignItems": "center",
                  "background": "white",
                  "color": "black",
                  "display": "flex",
                  "fontSize": "13px",
                  "height": 14,
                  "justifyContent": "center",
                  "lineHeight": "14px",
                  "outline": "1px solid transparent",
                  "position": "absolute",
                  "textAlign": "center",
                  "transform": "rotateX(252deg) translateZ(21px)",
                  "width": "10px",
                }
              }
            >
              7
            </span>
            <span
              style={
                Object {
                  "WebkitFontSmoothing": "antialiased",
                  "alignItems": "center",
                  "background": "white",
                  "color": "black",
                  "display": "flex",
                  "fontSize": "13px",
                  "height": 14,
                  "justifyContent": "center",
                  "lineHeight": "14px",
                  "outline": "1px solid transparent",
                  "position": "absolute",
                  "textAlign": "center",
                  "transform": "rotateX(288deg) translateZ(21px)",
                  "width": "10px",
                }
              }
            >
              8
            </span>
            <span
              style={
                Object {
                  "WebkitFontSmoothing": "antialiased",
                  "alignItems": "center",
                  "background": "white",
                  "color": "black",
                  "display": "flex",
                  "fontSize": "13px",
                  "height": 14,
                  "justifyContent": "center",
                  "lineHeight": "14px",
                  "outline": "1px solid transparent",
                  "position": "absolute",
                  "textAlign": "center",
                  "transform": "rotateX(324deg) translateZ(21px)",
                  "width": "10px",
                }
              }
            >
              9
            </span>
          </span>
          <span
            data={0}
            style={
              Object {
                "WebkitFontSmoothing": "antialiased",
                "alignItems": "center",
                "background": "white",
                "color": "black",
                "display": "flex",
                "fontSize": "13px",
                "height": 14,
                "justifyContent": "center",
                "left": "0px",
                "lineHeight": "14px",
                "outline": "1px solid transparent",
                "position": "absolute",
                "textAlign": "center",
                "transform": "rotateX(0deg) translateZ(21px)",
                "visibility": "hidden",
                "width": "10px",
              }
            }
          >
            0
          </span>
        </span>
      </section>
    </span>
  </div>
</div>
`;
