// Jest Snapshot v1, https://goo.gl/fbAQLP

exports[`update should trigger reRender when user update input and is watching the all field array 1`] = `
Array [
  Object {},
  Object {
    "test": Array [],
  },
  Object {
    "test": Array [
      Object {
        "value": "",
      },
    ],
  },
  Object {
    "test": Array [
      Object {
        "value": "",
      },
    ],
  },
]
`;

exports[`update should update field array with multiple values 1`] = `
Array [
  Object {
    "firstName": "test1",
    "lastName": "test2",
  },
  Object {
    "firstName": "test3",
    "lastName": "test4",
  },
]
`;

exports[`update should update group input correctly 1`] = `
Array [
  Array [
    Object {
      "key": "0",
      "value": Object {
        "value": Object {
          "firstName": "bill",
          "lastName": "luo",
        },
      },
    },
  ],
  Array [
    Object {
      "key": "1",
      "value": Object {
        "value": Object {
          "firstName": "firstName",
          "lastName": "lastName",
        },
      },
    },
  ],
]
`;
